// Jest Snapshot v1, https://goo.gl/fbAQLP

exports[`App Test Component should match snapshot 1`] = `
<div
  className="App"
>
  <header
    className="App-header"
  >
    <img
      alt="logo"
      className="App-logo"
      src={
        Object {
          "canInstrument": true,
          "createTransformer": [Function],
          "getCacheKey": [Function],
          "process": [Function],
        }
      }
    />
    <p>
      Edit 
      <code>
        src/App.tsx
      </code>
       and save to reload.
    </p>
    <a
      className="App-link"
      href="https://reactjs.org"
      rel="noopener noreferrer"
      target="_blank"
    >
      Learn React
    </a>
  </header>
  <span>
    Extra content
  </span>
</div>
`;
